[  00000 Iitalzi cou subsys cpuset
[    0.000000] Initializing cgroup subsys cpu
[    0.000000] Initializing cgroup subsys cpuacct
[    0.000000] Linux veerio4.0-09-generic (buildd@lgw01-amd64-038) (gcc vsi 5.0 21660(Untu 54.6unt1~164.) #12-un S Te n 192:9 TC01 (unu 4.4.0-109.132-generic 4.4.98)
[    0.000000] Command line: BOOT_IMAGE=/boot/vmlinuz-4.4.0-109-genriro=UID=74b10244494caf-704bb33e4 ro console=tty1 console=ttyS0
[    0.000000] KERNEL supported cpus:
[    0.000000]   Intel GenuineIntel
[    0.000000]   AMD AuthenticAMD
[    0.000000]   Centaur CentaurHauls
[    0.000000] x86/fpu: xstate_offset[2]:  576, xstate_sizes[2]:  256
[    0.000000] x86/fpu: Supporting XSAVE feature 0x01: 'x87 floating point registers'
[    0.000000] x86/fpu: Supporting XSAVE feature 0x02: 'SSE registrs
[  .00000x8fp: SuporngSAVE feature 0x04: 'AVX registers'
[    0.000000] x86/fpu: Enabled xstate features 0x7, context size is 832 bytes, using 'standard' format.
[    0.000000] x86/fpu: Using 'az F cntext switches.
[   0000 e0:IOprvide psil AM mp:
[   0000 BIOS-82: em0x0000000000000000-0x000000000009fbff] usable
[    0.000000] BIOS-e820: [mem 0x0000000fc0-0x000000fff] reserved
[    0.000000] BIOS-e820: [mem 0x00000000000f0000-0x00000000000fffff] reserved
[    0.000000] BIOS-e820: [mem 0x0000000000100000-0x00000000dffeffff] usable
[    0.000000] BIOS-e820: [mem 0x00000000dfff0000-0x00000000dfffffff] ACPI data
[    0.000]IO-e82: em0x000000fec00000-0x00000000fec00fff] reserved
[    0.000000] BIOS-e820: [mem 0x00000000fee00000-0x00000000fee00fff] reserved
[    0.000000] BIOS-e820: [mem 0x00000000fffc0000-0x00000000ffffffff] reserved
[    0.000000] BIOS-e820: [mem 0x0000000100000000-0x000000011fffffff] usable
[    0.000000] NX (Execute Disable) protection: activ
   00000] MBS 5 resen
  0.00000 Hpeis dette K
[    0.000000] e820: last_pf= 1200 maxarh_n 0x400000[    0.0000MTR: Dsaed[   0.0000]86AT MTRRs disabled, skipping PAT initialization too.
[    0.000000] CPU MTRRs all blank - iraledsystem.
[    0.0000 x/P: Conigraon0-7] W    C-UC  WB  WT  UC- UC  
[   0000 e82 lt_n = xdffmaarh_pf =x400000  0.0000 funSM MP-abe  [m 0x00ff0x00ffff] mapped at [ffff88000009ffff0]
[    0.000000] Scanning 1 areas for low memory corruption
[    0.000000] RAMDISK: [mem 0x36232000-0x37110fff]
[  00000 APIEay ble checksum verification disabled
[    0.000000] ACPI: RSDP 0x00000000000E0000 000024 (v02 VBOX  )
[    0.000000] CP XT x000000DFF00 000 (01BO  VBXXT 00001 SL00001)
  0.000]CP FP x00000000DFFF00F0 0000F4 (v04 VBOX   VBOXFACP 00000001 ASL  00000061)
[    0.000000] ACPI: SD 000000DFFF040 21F v0 VBX VBXBOS00000002 INTL 20100528)
[    0.000000] ACPI: FACS 0x00000000DFFF0200 000040
[    0.000000] ACPI: FACS 0x0000DF0200 000
   0000000] ACPI: APIC 0x00000000DFFF0240 00005C (v02 VBOX   VBOXAPIC 00000001 ASL  00000061)
[    0.000000] ACPI: SSDT 0x00000000DFFF02A0 0001CC (v01 VBOX   VBOPU000002 INTL 20100528)
[    0.000000] No NUMA configuration found
[    0.000000] Faking a od a[m 00000000000-0x000011ffff]
[    0.000000] NODE_DATA(0) allocated [mem 0x11fff7000-0x11fffbfff]
[    0.000000] kvm-clock: Using msrs 4b564d01 and 4b564d00
[    0.000000] kvm-clock: cpu 0, msr 1:1ffef001, primary cpu clock
[    0.000000] kvm-clock: using sched offset of 3036997762 cycles
[    0.000000] clocksource: kvm-clckma: xfffffffff max_cycles 0cd2edfb, mx_lens: 881590591483 ns
[    0.0000] Zo rge
[    .000] DM     [m 00000000000x0000000fff]
[    0.000000]   DMA32    [mem 0x0000000001000000-0x00000000ffffffff]
[    0.00000] Noal  mem 0x0000000100000000-0x000000011fffffff]
[    0.000000]   Device   empty
[    0.000] valeon srtor eah de[   0.00] arl morno rans   0.00000] no  0: [mem 0x0000000000001000-0x000000009ef]
[    0.000000]   node   0: [mem 0x0000000000100000-0x00000000dffeffff]
[   .000  no  : em0x000000000-0x0000ffffff]
[   .000 Inimesep od 0 [mem 0x0000000000001000-0x000000011fffffff]
[    0.000000] ACPI: PM-Timer IO Port: 0x4008
[    0.000000] IOAPIC[0]: apic_id 2, version 32, address 0xfec00000, GSI 0-23
[    0.000000] ACPI:NTRCVR (us b_i 0 global_irq 2 dfl dfl)
[    0.000000] ACPI:NTRCVR (us b_iq 9 ob_i 9 lw ve)[   0.00] singAC (DT forSMcoigration informatn   0.00000smoo: Alowg CP, 0 hotplug CPUs
[    0.000000] PM: Registered nosave memory: [mem 0x00000000-0x00000fff]
[    0.000000] PM: Registered nosave memory: [mem 0x0009f000-0x0009ffff]
[    0.00000 P Ristered nosave memory: [mem 0x000a0000-0x000effff]
[    0.000000] PM: Registered nosave memory: [mem 0x000f0000-0x000fffff]
[    0.000000] PM: Registered nosave memory: [mem 0xdfff0000-0xdfffffff]
[    0.000000] PM: Registered nosave memory: [mem 0xe0000000-0xfebfffff]
[    0.000000] PM: Registered nosave memory: [mem 0xfec00000-0xfec00fff]
[    0.000000] PM: Registered nosave memory: [mem 0xfec01000-0xfedfffff]
[    0.000000] PM: Registered nosave memory: [mem 0xfee00000-0xfee00fff]
[    0.000000] PM: Registered nosave memory: [mem 0xfee01000-0xfffbffff]
[    0.000000] PM: Registered nosave memory: [mem 0xfffc0000-0xfffff
   0.000] 20 [me 00000-0xffff]vailab f P dvis[  00000Boin prartlied krn oKV
[   0000]clocsocereinedjiie msk: 0xffffffff max_cycles: 0xffffffff, max_idle_ns: 7645519600211568 ns
[    0.000000] setup_percpu: NR_CPUS:512 nr_cpumask_bits:512 nr_cpu_ids:2 nr_node_ids:1
[    0.000000] PERCPU: Embedded 34 pages/cpu @ffff88011fc00000 s99544 r8192 d31528 u1048576[   00000] P qpiochash table entries: 256 (order: 0, 4096 bytes)
[    00000 Blt 1 zonelists in Node order, mobility grouping on.  Total pages: 1032057
[    0.000000] Policy zone: Normal
[    0.000000] Kernel command line: BOOT_IMAGE=/boot/vmlinuz-4.4.0-109-generic root=UUID=743b1402-d445-494c-af0b-749040bb33e4 ro console=tty1 console=ttyS0
[    0.000000] PID hash table entries: 40 (de 3, 27 bes
[    0.000000] Memory: 4027816K/4193848K available (8485K kernel code, 1308K rwdata, 3988K rodata, 1508K init, 1316K bss, 166032K reserved, 0K cma-reserved)
[    0.000000] SLUB: HWalign=64, Order=0-3, MinObjects=0, CPUs=2, Nodes=1
[    0.000000] Kernel/User pgetaessolation: enabled
[    0.000000] Hierarchical RCU implementation.
[    0.000000] 	Build-time adjustment of le fouto64
  0.000]	R rtrcting CPUs fro N_CS=2 o nrcpid2.
[    0.000000] RCU: Adjusting geometry for rcu_fanout_leaf=64, nr_cpu_ids=2
[    0.000000] NR_IRQS:33024 nr_irqs:440 16
[    0.000000] Console: colour VGA+ 80x25
[    0.0000cool [y1enle
[  00000 conol[tS0 enaed[   0.000000] tsc: Detected 3299.996 MHz processor
[    7.364695] Calibrating delay loop (skipped) preset value.. 6599.99 BogoMIPS (lpj=13199984)
[    7.454876] pid_max: default: 32768 minimum: 301
[    7.492652] ACPI: Core revision 20150930
[    7.499890] ACPI: 2 ACPI AML tables successfully acquired and loaded
[    7.520980] Security Framework initialized
[    7.521471] Yama: becoming mindful.
[    7.521922] AppArmor: AppArmor initialized
[    7.571070] Dentry cache hash table entries: 524288 (order: 10, 4194304 bytes)
[    7.620286] Inode-cache hash table entries: 262144 (order: 9, 2097152 bytes)
[    7.651229] Mount-cache hash table entries: 8192 (order: 4, 65536 bytes)
[    7.660643] Mountpoint-cache hash table entries: 8192 (order: 4, 65536 bytes)
[    7.773452] Initializing cgroup subsys io
[    7.781202] Initializing cgroup subsys memory
[    7.781728] Initializing cgroup subsys devices
[    7.784726] Initializing cgroup subsys freezer
[    7.864483] Initializing cgroup subsys net_cls
[    7.865010] Initializing cgroup subsys perf_event
[    7.873168] Initializing cgroup subsys net_prio
[    7.910669] Initializing cgroup subsys hugetlb
[    7.911203] Initializing cgroup subsys pids
[    7.917589] CPU: Physical Processor ID: 0
[    7.986598] CPU: Processor Core ID: 0
[    7.999342] mce: CPU supports 0 MCE banks
[    7.999848] Last level iTLB entries: 4KB 1024, 2MB 1024, 4MB 1024
[    8.000533] Last level dTLB entries: 4KB 1024, 2MB 1024, 4MB 1024, 1GB 4
[    8.002485] Freeing SMP alternatives memory: 32K
[    8.091790] ftrace: allocating 32171 entries in 126 pages
[    8.151412] smpboot: APIC(0) Converting physical 0 to logical package 0
[    8.240358] smpboot: Max logical packages: 1
[    8.296760] x2apic enabled
[    8.344539] Switched APIC routing to physical x2apic.
[    8.369244] ..TIMER: vector=0x30 apic1=0 pin1=2 apic2=-1 pin2=-1
[    8.480090] smpboot: CPU0: Intel(R) Core(TM) i7-5820K CPU @ 3.30GHz (family: 0x6, model: 0x3f, stepping: 0x2)
[    8.565112] Performance Events: unsupported p6 CPU model 63 no PMU driver, software events only.
[    8.584534] KVM setup paravirtual spinlock
[    8.625013] x86: Booting SMP configuration:
[    8.625521] .... node  #0, CPUs:      #1
[    8.626102] kvm-clock: cpu 1, msr 1:1ffef041, secondary cpu clock
[    8.659627] mce: CPU supports 0 MCE banks
[    8.661940] x86: Booted up 1 node, 2 CPUs
[    8.686258] smpboot: Total of 2 processors activated (13199.98 BogoMIPS)
[    8.709430] devtmpfs: initialized
[    8.725667] evm: security.selinux
[    8.760067] evm: security.SMACK64
[    8.794341] evm: security.SMACK64EXEC
[    8.809024] evm: security.SMACK64TRANSMUTE
[    8.809523] evm: security.SMACK64MMAP
[    8.819366] evm: security.ima
[    8.819775] evm: security.capability
[    8.820424] clocksource: jiffies: mask: 0xffffffff max_cycles: 0xffffffff, max_idle_ns: 7645041785100000 ns
[    8.860610] futex hash table entries: 512 (order: 3, 32768 bytes)
[    8.864366] pinctrl core: initialized pinctrl subsystem
[    8.869294] RTC time: 19:36:40, date: 01/17/18
[    8.869922] NET: Registered protocol family 16
[    8.888715] cpuidle: using governor ladder
[    8.932745] cpuidle: using governor menu
[    8.943188] PCCT header not found.
[    8.974538] ACPI: bus type PCI registered
[    9.032067] acpiphp: ACPI Hot Plug PCI Controller Driver version: 0.5
[    9.099250] PCI: Using configuration type 1 for base access
[    9.117404] ACPI: Added _OSI(Module Device)
[    9.149335] ACPI: Added _OSI(Processor Device)
[    9.155491] ACPI: Added _OSI(3.0 _SCP Extensions)
[    9.156034] ACPI: Added _OSI(Processor Aggregator Device)
[    9.157114] ACPI: Executed 1 blocks of module-level executable AML code
[    9.192327] ACPI: Interpreter enabled
[    9.244822] ACPI: (supports S0 S5)
[    9.245260] ACPI: Using IOAPIC for interrupt routing
[    9.279943] PCI: Using host bridge windows from ACPI; if necessary, use "pci=nocrs" and report a bug
[    9.293231] ACPI: PCI Root Bridge [PCI0] (domain 0000 [bus 00-ff])
[    9.310904] acpi PNP0A03:00: _OSC: OS supports [ASPM ClockPM Segments MSI]
[    9.313313] acpi PNP0A03:00: _OSC: not requesting OS control; OS requires [ExtendedConfig ASPM ClockPM MSI]
[    9.432820] acpi PNP0A03:00: fail to add MMCONFIG information, can't access extended PCI configuration space under this bridge.
[    9.434328] PCI host bridge to bus 0000:00
[    9.448668] pci_bus 0000:00: root bus resource [io  0x0000-0x0cf7 window]
[    9.449419] pci_bus 0000:00: root bus resource [io  0x0d00-0xffff window]
[    9.461384] pci_bus 0000:00: root bus resource [mem 0x000a0000-0x000bffff window]
[    9.471502] pci_bus 0000:00: root bus resource [mem 0xe0000000-0xfdffffff window]
[    9.560984] pci_bus 0000:00: root bus resource [bus 00-ff]
[    9.585262] pci 0000:00:01.1: legacy IDE quirk: reg 0x10: [io  0x01f0-0x01f7]
[    9.596381] pci 0000:00:01.1: legacy IDE quirk: reg 0x14: [io  0x03f6]
[    9.597078] pci 0000:00:01.1: legacy IDE quirk: reg 0x18: [io  0x0170-0x0177]
[    9.692029] pci 0000:00:01.1: legacy IDE quirk: reg 0x1c: [io  0x0376]
[    9.752165] pci 0000:00:07.0: quirk: [io  0x4000-0x403f] claimed by PIIX4 ACPI
[    9.764909] pci 0000:00:07.0: quirk: [io  0x4100-0x410f] claimed by PIIX4 SMB
[    9.806446] ACPI: PCI Interrupt Link [LNKA] (IRQs 5 9 10 *11)
[    9.815505] ACPI: PCI Interrupt Link [LNKB] (IRQs 5 9 *10 11)
[    9.825399] ACPI: PCI Interrupt Link [LNKC] (IRQs 5 *9 10 11)
[    9.834843] ACPI: PCI Interrupt Link [LNKD] (IRQs 5 9 10 *11)
[    9.835791] ACPI: Enabled 2 GPEs in block 00 to 07
[    9.840714] vgaarb: setting as boot device: PCI:0000:00:02.0
[    9.870053] vgaarb: device added: PCI:0000:00:02.0,decodes=io+mem,owns=io+mem,locks=none
[    9.902534] vgaarb: loaded
[    9.929833] vgaarb: bridge control possible 0000:00:02.0
[    9.947359] SCSI subsystem initialized
[    9.947922] ACPI: bus type USB registered
[    9.955205] usbcore: registered new interface driver usbfs
[    9.955836] usbcore: registered new interface driver hub
[   10.002047] usbcore: registered new device driver usb
[   10.019444] PCI: Using ACPI for IRQ routing
[   10.084702] NetLabel: Initializing
[   10.129036] NetLabel:  domain hash size = 128
[   10.144062] NetLabel:  protocols = UNLABELED CIPSOv4
[   10.168619] NetLabel:  unlabeled traffic allowed by default
[   10.169411] amd_nb: Cannot enumerate AMD northbridges
[   10.229316] clocksource: Switched to clocksource kvm-clock
[   0.537]ApArorAprm Festem Enabled
[   10.568326] pnp:nPCPin
  101249 p: P PI foud dece

[   11.086044] clocksource: acpi_pm: mask: 0xffffff max_cycles: 0xffffff, max_idle_ns: 2085701024 ns
[   11.102643] NET: Registered protocol family 2
[   11.142697] TCP established hash table entries: 32768 (order: 6, 262144 bytes)
[   11.172516] TCP bind hash table entries: 32768 (order: 7, 524288 bytes)
[   11.187240] TCP: Hash tables configured (established 32768 bind 32768)
[   11.219153] UDP hash table entries: 2048 (order: 4, 65536 bytes)
[   11.234341] UDP-Lite hash table entries: 2048 (order: 4, 65536 bytes)
[   11.235068] NET: Registered protocol family 1
[   11.276550] pci 0000:00:00.0: Limiting direct PCI/PCI transfers
[   11.278521] pci 0000:00:01.0: Activating ISA DMA hang workarounds
[   11.282111] Unpacking initramfs...
[   11.420932] Freeing initrd memory: 15228K
[   11.479403] PCI-DMA: Using software bounce buffering for IO (SWIOTLB)
[   11.521998] software IO TLB [mem 0xdbff0000-0xdfff0000] (64MB) mapped at [ffff8800dbff0000-ffff8800dffeffff]
[   11.546267] RAPL PMU detected, API unit is 2^-32 Joules, 3 fixed counters 10737418240 ms ovfl timer
[   11.610038] hw unit of domain pp0-core 2^-0 Joules
[   11.634857] hw unit of domain package 2^-0 Joules
[   11.635415] hw unit of domain dram 2^-16 Joules
[   11.676295] platform rtc_cmos: registered platform RTC device (no PNP device found)
[   11.702976] Scanning for low memory corruption every 60 seconds
[   11.743409] audit: initializing netlink subsys (disabled)
[   11.748181] audit: type=2000 audit(1516217798.844:1): initialized
[   11.759780] Initialise system trusted keyring
[   11.765468] HugeTLB registered 2 MB page size, pre-allocated 0 pages
[   11.769620] zbud: loaded
[   11.794476] VFS: Disk quotas dquot_6.6.0
[   11.805448] VFS: Dquot-cache hash table entries: 512 (order 0, 4096 bytes)
[   11.806322] squashfs: version 4.0 (2009/01/31) Phillip Lougher
[   11.807170] fuse init (API version 7.23)
[   11.808875] Key type big_key registered
[   11.819943] Allocating IMA MOK and blacklist keyrings.
[   11.821197] Key type asymmetric registered
[   11.839970] Asymmetric key parser 'x509' registered
[   11.846553] Block layer SCSI generic (bsg) driver version 0.4 loaded (major 249)
[   11.848974] io scheduler noop registered
[   11.861335] io scheduler deadline registered (default)
[   11.874075] io scheduler cfq registered
[   11.881078] pci_hotplug: PCI Hot Plug PCI Core version: 0.5
[   11.922506] pciehp: PCI Express Hot Plug Controller Driver version: 0.4
[   11.923311] ACPI: AC Adapter [AC] (on-line)
[   11.923852] input: Power Button as /devices/LNXSYSTM:00/LNXPWRBN:00/input/input0
[   11.924769] ACPI: Power Button [PWRF]
[   11.925265] input: Sleep Button as /devices/LNXSYSTM:00/LNXSLPBN:00/input/input1
[   11.928966] ACPI: Sleep Button [SLPF]
[   11.938135] GHES: HEST is not enabled!
[   11.938672] Serial: 8250/16550 driver, 32 ports, IRQ sharing enabled
[   11.962172] 00:02: ttyS0 at I/O 0x3f8 (irq = 4, base_baud = 115200) is a 16550A
[   11.969718] Linux agpgart interface v0.103
[   11.995043] loop: module loaded
[   12.028943] scsi host0: ata_piix
[   12.055042] scsi host1: ata_piix
[   12.070510] ata1: PATA max UDMA/33 cmd 0x1f0 ctl 0x3f6 bmdma 0xd000 irq 14
[   12.089659] ata2: PATA max UDMA/33 cmd 0x170 ctl 0x376 bmdma 0xd008 irq 15
[   12.104800] libphy: Fixed MDIO Bus: probed
[   12.118652] tun: Universal TUN/TAP device driver, 1.6
[   12.128118] tun: (C) 1999-2004 Max Krasnyansky <maxk@qualcomm.com>
[   12.170661] PPP generic driver version 2.4.2
[   12.186685] ehci_hcd: USB 2.0 'Enhanced' Host Controller (EHCI) Driver
[   12.222405] ehci-pci: EHCI PCI platform driver
[   12.222947] ehci-platform: EHCI generic platform driver
[   12.223540] ohci_hcd: USB 1.1 'Open' Host Controller (OHCI) Driver
[   12.224230] ohci-pci: OHCI PCI platform driver
[   12.236285] ohci-platform: OHCI generic platform driver
[   12.238402] uhci_hcd: USB Universal Host Controller Interface driver
[   12.239122] i8042: PNP: PS/2 Controller [PNP0303:PS2K,PNP0f03:PS2M] at 0x60,0x64 irq 1,12
[   12.249722] serio: i8042 KBD port at 0x60,0x64 irq 1
[   12.272455] serio: i8042 AUX port at 0x60,0x64 irq 12
[   12.273125] mousedev: PS/2 mouse device common for all mice
[   12.293825] input: AT Translated Set 2 keyboard as /devices/platform/i8042/serio0/input/input2
[   12.306935] rtc_cmos rtc_cmos: rtc core: registered rtc_cmos as rtc0
[   12.316677] rtc_cmos rtc_cmos: alarms up to one day, 114 bytes nvram
[   12.326569] i2c /dev entries driver
[   12.327058] device-mapper: uevent: version 1.0.3
[   12.344483] device-mapper: ioctl: 4.34.0-ioctl (2015-10-28) initialised: dm-devel@redhat.com
[   12.402985] ledtrig-cpu: registered to indicate activity on CPUs
[   12.403960] NET: Registered protocol family 10
[   12.409168] NET: Registered protocol family 17
[   12.425978] Key type dns_resolver registered
[   12.439103] microcode: CPU0 sig=0x306f2, pf=0x40, revision=0x0
[   12.470079] microcode: CPU1 sig=0x306f2, pf=0x40, revision=0x0
[   12.470762] microcode: Microcode Update Driver: v2.01 <tigran@aivazian.fsnet.co.uk>, Peter Oruba
[   12.471844] registered taskstats version 1
[   12.483363] Loading compiled-in X.509 certificates
[   12.485549] Loaded X.509 cert 'Build time autogenerated kernel key: 96e61bd247bb6c4e82ca419795a98fcb171b0e99'
[   12.486710] zswap: loaded using pool lzo/zbud
[   12.490140] Key type trusted registered
[   12.494538] Key type encrypted registered
[   12.495074] AppArmor: AppArmor sha1 policy hashing enabled
[   12.508930] ima: No TPM chip found, activating TPM-bypass!
[   12.509620] evm: HMAC attrs: 0x1
[   12.536422]   Magic number: 2:842:647
[   12.548867] scsi_host host1: hash matches
[   12.564725] scsi host1: hash matches
[   12.565223] acpi LNXCPU:00: hash matches
[   12.568461] rtc_cmos rtc_cmos: setting system clock to 2018-01-17 19:36:44 UTC (1516217804)
[   12.571010] BIOS EDD facility v0.16 2004-Jun-25, 0 devices found
[   12.571669] EDD information not available.
[   12.582026] Freeing unused kernel memory: 1508K
[   12.588466] Write protecting the kernel read-only data: 14336k
[   12.589464] Freeing unused kernel memory: 1744K
[   12.593072] Freeing unused kernel memory: 108K
Loading, please wait...
starting version[   12.601947] random: systemd-udevd: uninitialized urandom read (16 bytes read, 2 bits of entropy available)
 229
[   12.602384] random: udevadm: uninitialized urandom read (16 bytes read, 2 bits of entropy available)
[   12.602399] random: udevadm: uninitialized urandom read (16 bytes read, 2 bits of entropy available)
[   12.608691] random: udevadm: uninitialized urandom read (16 bytes read, 2 bits of entropy available)
[   12.608721] random: udevadm: uninitialized urandom read (16 bytes read, 2 bits of entropy available)
[   12.608817] random: udevadm: uninitialized urandom read (16 bytes read, 2 bits of entropy available)
[   12.608853] random: udevadm: uninitialized urandom read (16 bytes read, 2 bits of entropy available)
[   12.608889] random: udevadm: uninitialized urandom read (16 bytes read, 2 bits of entropy available)
[   12.608942] random: udevadm: uninitialized urandom read (16 bytes read, 2 bits of entropy available)
[   12.608980] random: udevadm: uninitialized urandom read (16 bytes read, 2 bits of entropy available)
[   12.785309] tsc: Refined TSC clocksource calibration: 3300.994 MHz
[   12.798671] clocksource: tsc: mask: 0xffffffffffffffff max_cycles: 0x2f94f725b3f, max_idle_ns: 440795226707 ns
[   12.829817] e1000: Intel(R) PRO/1000 Network Driver - version 7.3.21-k8-NAPI
[   12.850388] e1000: Copyright (c) 1999-2006 Intel Corporation.
[   12.853626] Fusion MPT base driver 3.04.20
[   12.861629] Copyright (c) 1999-2008 LSI Corporation
[   12.875454] AVX2 version of gcm_enc/dec engaged.
[   12.891108] AES CTR mode by8 optimization enabled
[   12.946918] Fusion MPT SPI Host driver 3.04.20
[   13.068917] input: ImExPS/2 Generic Explorer Mouse as /devices/platform/i8042/serio1/input/input4
[   13.716209] e1000 0000:00:03.0 eth0: (PCI:33MHz:32-bit) 02:63:8e:2c:ef:cd
[   13.730753] e1000 0000:00:03.0 eth0: Intel(R) PRO/1000 Network Connection
[   13.732028] mptbase: ioc0: Initiating bringup
[   13.732162] e1000 0000:00:03.0 enp0s3: renamed from eth0
[   13.972691] ioc0: LSI53C1030 A0: Capabilities={Initiator}
[   15.498163] scsi host2: ioc0: LSI53C1030 A0, FwRev=00000000h, Ports=1, MaxQ=256, IRQ=20
[   15.957484] floppy0: no floppy controllers found
[   16.021710] scsi 2:0:0:0: Direct-Access     VBOX     HARDDISK         1.0  PQ: 0 ANSI: 5
[   16.906145] scsi target2:0:0: Beginning Domain Validation
[   16.930540] scsi target2:0:0: Domain Validation skipping write tests
[   16.931222] scsi target2:0:0: Ending Domain Validation
[   16.942882] scsi target2:0:0: asynchronous
[   16.946370] scsi 2:0:1:0: Direct-Access     VBOX     HARDDISK         1.0  PQ: 0 ANSI: 5
[   17.905090] scsi target2:0:1: Beginning Domain Validation
[   17.930561] scsi target2:0:1: Domain Validation skipping write tests
[   18.542166] scsi target2:0:1: Ending Domain Validation
[   18.899923] scsi target2:0:1: asynchronous
[   18.903559] sd 2:0:0:0: Attached scsi generic sg0 type 0
[   18.929831] sd 2:0:1:0: Attached scsi generic sg1 type 0
[   18.930010] sd 2:0:0:0: [sda] 20971520 512-byte logical blocks: (10.7 GB/10.0 GiB)
[   19.010624] sd 2:0:1:0: [sdb] 20480 512-byte logical blocks: (10.5 MB/10.0 MiB)
[   19.011607] sd 2:0:0:0: [sda] Write Protect is off
[   19.017468] sd 2:0:0:0: [sda] Incomplete mode parameter data
[   19.019440] sd 2:0:0:0: [sda] Assuming drive cache: write through
[   19.020102] sd 2:0:1:0: [sdb] Write Protect is off
[   19.020787] sd 2:0:1:0: [sdb] Incomplete mode parameter data
[   19.027330] sd 2:0:1:0: [sdb] Assuming drive cache: write through
[   19.047315]  sda: sda1
[   19.054530] sd 2:0:0:0: [sda] Attached SCSI disk
[   19.060199] sd 2:0:1:0: [sdb] Attached SCSI disk
Begin: Loading e[   20.296801] md: linear personality registered for level -1
ssential drivers ... [   20.312323] md: multipath personality registered for level -4
[   20.315886] md: raid0 personality registered for level 0
[   20.336251] md: raid1 personality registered for level 1
[   20.413636] raid6: sse2x1   gen() 13730 MB/s
[   20.509726] raid6: sse2x1   xor() 10732 MB/s
[   20.629610] raid6: sse2x2   gen() 17412 MB/s
[   20.713684] raid6: sse2x2   xor() 11684 MB/s
[   20.797765] raid6: sse2x4   gen() 19994 MB/s
[   20.897367] raid6: sse2x4   xor() 13387 MB/s
[   20.997686] raid6: avx2x1   gen() 26387 MB/s
[   21.069754] raid6: avx2x2   gen() 30339 MB/s
[   21.141342] raid6: avx2x4   gen() 34398 MB/s
[   21.168675] raid6: using algorithm avx2x4 gen() 34398 MB/s
[   21.188865] raid6: using avx2x2 recovery algorithm
[   21.217747] xor: automatically using best checksumming function:
[   21.329529]    avx       : 27555.000 MB/sec
[   21.346424] async_tx: api initialized (async)
[   21.353860] md: raid6 personality registered for level 6
[   21.394369] md: raid5 personality registered for level 5
[   21.452467] md: raid4 personality registered for level 4
[   21.485187] md: raid10 personality registered for level 10
done.
Begin: Running /scripts/init-premount ... done.
Begin: Mounting root file system ... Begin: Running /scripts/local-top ... done.
Begin: Running[   21.556735] Btrfs loaded
 /scripts/local-premount ... Scanning for Btrfs filesystems
done.
Warning: fsck no[   21.591898] EXT4-fs (sda1): INFO: recovery required on readonly filesystem
t present, so skipping root file system
[   21.631861] EXT4-fs (sda1): write access will be enabled during recovery
[   21.658567] EXT4-fs (sda1): recovery complete
[   21.683649] EXT4-fs (sda1): mounted filesystem with ordered data mode. Opts: (null)
done.
Begin: Running /scripts/local-bottom ... done.
Begin: Running /scripts/init-bottom ... done.
[   21.779534] systemd[1]: systemd 229 running in system mode. (+PAM +AUDIT +SELINUX +IMA +APPARMOR +SMACK +SYSVINIT +UTMP +LIBCRYPTSETUP +GCRYPT +GNUTLS +ACL +XZ -LZ4 +SECCOMP +BLKID +ELFUTILS +KMOD -IDN)
[   21.934578] systemd[1]: Detected virtualization oracle.
[   21.948404] systemd[1]: Detected architecture x86-64.

Welcome to [1mUbuntu 16.04.3 LTS[0m!

[   21.953934] systemd[1]: Set hostname to <ubuntu-k8s>.
[   2.795]ysmd]:taedrieresvcf pdate for networkd DNS.
[[0;32m  OK  [0m] Started Trigger resolvconf update for networkd DNS.
[   22.570791] systemd[1]: Listening on Journal Socket (/dev/log).
[[0;32m  OK  [0m] Listening on Journal Socket (/dev/log).
[   22.572264] systemd[1]: Listening on /dev/initctl Compatibility Named Pipe.
[[0;32m  OK  [0m] Listening on /dev/initctl Compatibility Named Pipe.
[  26077systmd]: Sard rwrdPasword qutso llirto Wch
[[0;32m  OK  [0m] Started Forward Password Requests to Wall Directory Watch.
[   23423]ysem1] Lteng onDecemaer eventdaonIFs. [[0;32m  OK  [0m] Listening on Device-mapper event daemon FIFOs.
[ 245762 ste[1 Reahetaetser nd GupamLoup. [[0;32m  OK  [0m] Reached target User and Group Name Lookups.
[   5.5124 ste[1 Rch trgetncptd Volumes.
[[0;32m  OK  [0m] Reached target Encrypted Volumes.
[   5.477]ysmd]:reedsle st Sce

[[0;32m  OK  [0m] Created slice System Slice.
[ 264114] system[1 Catd slceysem-sri\x2det.sce

[[0;32m  OK  [0m] Created slice system-serial\x2dgetty.slice.
[   26.934434] systemd[1]: Listening on LVM2 poll daemon socket.
[[0;32m  OK  [0m] Listening on LVM2 poll daemon socket.
[   26.436]ysem1]Litengn evonoloct.
[[0;32m  OK  [0m] Listening on udev Control Socket.
[   27.443681] systemd[1]: Created slice User and Session Slice.
[[0;32m  OK  [0m] Created slice User and Session Slice.
[  2465349] ystemd[1]: Reached target Slices.
[[0;32m  OK  [0m] Reached target Slices.
[  25768syem1] Reached target Swap.
[[0;32m  OK  [0m] Reached target Swap.
[   27.886 sstmd1]: istenngn M2meada em ske
[[0;32m  OK  [0m] Listening on LVM2 metadata daemon socket.
[   28.518402] systed[1]: Listening on Journal Audit Socke. [[0;32m  OK  [0m] Listening on Journal Audit Socket.
[  2.897 systemd1]Seuputout biarExutleilFoatFi Stem Auomntoi.
[[0;32m  OK  [0m] Set up automount Arbitrary Executab...ats File System Automount Point.
[   29.6864 sstd[1] Lteng o Journal Socket.
[[0;32m  OK  [0m] Listening on Journal Socket.
[   29.949695] systemd[1]: Starting Nameserver information manager...
         Starting Nameserver information manager...
[   29.994691] systemd[1]: Mounting Huge Pages File System...
         Mounting Huge Pages File System...
[   30.062572] systemd[1]: Starting Create list of required static device nodes for the current kernel...
         Starting Create list of required st... nodes for the current kernel...
[   30.157780] systemd[1]: Mounting Debug File System...
         Mounting Debug File System...
[   30.179568] systemd[1]: Starting Uncomplicated firewall...
         Starting Uncomplicated firewall...
[   30.190596] systemd[1]: Starting Remount Root and Kernel File Systems...
         [   30.259423] EXT4-fs (sda1): re-mounted. Opts: (null)
Starting Remount Root and Kernel File Systems...
[   30.329490] systemd[1]: Starting Monitoring of LVM2 mirrors, snapshots etc. using dmeventd or progress polling...
[   30.420141] random: nonblocking pool is initialized
         Starting Monitoring of LVM2 mirrors... dmeventd or progress polling...
[   30.453732] systemd[1]: Starting Set console keymap...
         Starting Set console keymap...
[   30.506142] systemd[1]: Mounting POSIX Message Queue File System...
         Mounting POSIX Message Queue File System...
[   30.511561] systemd[1]: Starting Load Kernel Modules...
         Starting Load Kernel Modules...
[   30.549831] systemd[1]: Listening on udev Kernel Socket.
[   30.550572] Loading iSCSI transport class v2.0-870.
[[0;32m  OK  [0m] Listening on udev Kernel Socket.[   30.555468] iscsi: registered transport (tcp)

[   30.593731] systemd[1]: Listening on Syslog Socket.
[[0;32m  OK  [0m] Listening on Syslog Socket.[   30.631996] iscsi: registered transport (iser)

[   30.669865] systemd[1]: Starting Journal Service...
         Starting Journal Service...
[   30.710871] systemd[1]: Mounted POSIX Message Queue File System.
[[0;32m  OK  [0m] Mounted POSIX Message Queue File System.
[   30.781649] systemd[1]: Mounted Debug File System.
[[0;32m  OK  [0m] Mounted Debug File System.
[   30.805728] systemd[1]: Mounted Huge Pages File System.
[[0;32m  OK  [0m] Mounted Huge Pages File System.
[   30.857879] systemd[1]: Started Journal Service.
[[0;32m  OK  [0m] Started Journal Service.
[[0;32m  OK  [0m] Started Create list of required sta...ce nodes for the current kernel.
[[0;32m  OK  [0m] Started Uncomplicated firewall.
[[0;32m  OK  [0m] Started Remount Root and Kernel File Systems.
[[0;32m  OK  [0m] Started Set console keymap.
[[0;32m  OK  [0m] Started Load Kernel Modules.
[[0;32m  OK  [0m] Started Nameserver information manager.
[[0;32m  OK  [0m] Started LVM2 metadata daemon.
         Mounting FUSE Control File System...
         Starting Apply Kernel Variables...
         Starting Load/Save Random Seed...
         Starting Initial cloud-init job (pre-networking)...
         Starting udev Coldplug all Devices...
         Starting Create Static Device Nodes in /dev...
         Starting Flush Journal to Persistent Storage...
[[0;32m  OK  [0m] Mounted FUSE Control File System.
[[0;32m  OK  [0m] Started Apply Kernel Variables.
[[0;32m  OK  [0m] Started Load/Save Random Seed.
[[0;32m  OK  [0m] Started Create Static Device Nodes in /dev.
[[0;32m  OK  [0m] Started udev Coldplug all Devices.
[[0;32m  OK  [0m] Started Flush Journal to Persistent Storage.
         Starting udev Kernel Device Manager...
[[0;32m  OK  [0m] Started udev Kernel Device Manager.
[[0;32m  OK  [0m] Started Dispatch Password Requests to Console Directory Watch.
[[0;32m  OK  [0m] Started Monitoring of LVM2 mirrors,...ng dmeventd or progress polling.
[[0;32m  OK  [0m] Found device /dev/ttyS0.
[[0;32m  OK  [0m] Reached target Local File Systems (Pre).
[[0;32m  OK  [0m] Reached target Local File Systems.
         Starting LSB: AppArmor initialization...
         Starting Tell Plymouth To Write Out Runtime Data...
         Starting Create Volatile Files and Directories...
         Starting Set console font and keymap...
         Starting LSB: ebtables ruleset management...
[[0;32m  OK  [0m] Started Tell Plymouth To Write Out Runtime Data.
[[0;32m  OK  [0m] Started Create Volatile Files and Directories.
[[0;32m  OK  [0m] Listening on Load/Save RF Kill Switch Status /dev/rfkill Watch.
[[0;32m  OK  [0m] Reached target System Time Synchronized.
         Starting Update UTMP about System Boot/Shutdown...
[[0;32m  OK  [0m] Started LSB: AppArmor initialization.
[[0;32m  OK  [0m] Started Update UTMP about System Boot/Shutdown.
[   22.079430] cloud-init[472]: Cloud-init v. 17.1 running 'init-local' at Wed, 17 Jan 2018 19:37:03 +0000. Up 21.79 seconds.
[[0;32m  OK  [0m] Started LSB: ebtables ruleset management.
[[0;32m  OK  [0m] Started Initial cloud-init job (pre-networking).
[[0;32m  OK  [0m] Reached target Network (Pre).
[[0;32m  OK  [0m] Started ifup for enp0s3.
         Starting Raise network interfaces...
[[0;32m  OK  [0m] Started Set console font and keymap.
[[0;32m  OK  [0m] Found device 82540EM Gigabit Ethern...r (PRO/1000 MT Desktop Adapter).
[[0;32m  OK  [0m] Created slice system-getty.slice.
[[0;32m  OK  [0m] Started Raise network interfaces.
[[0;32m  OK  [0m] Reached target Network.
         Starting Initial cloud-init job (metadata service crawler)...
[   25.112350] cloud-init[1117]: Cloud-init v. 17.1 running 'init' at Wed, 17 Jan 2018 19:37:06 +0000. Up 24.90 seconds.
[   25.156563] cloud-init[1117]: ci-info: +++++++++++++++++++++++++++++++++++++Net device info++++++++++++++++++++++++++++++++++++++
[   25.172694] cloud-init[1117]: ci-info: +--------+------+----------------------------+---------------+-------+-------------------+
[[0;32m  OK  [0m[   25.180216] cloud-init[1117]: ci-info: | Device |  Up  |          Address           |      Mask     | Scope |     Hw-Address    |
[   25.180430] cloud-init[1117]: ci-info: +--------+------+----------------------------+---------------+-------+-------------------+
[   25.180501] cloud-init[1117]: ci-info: | enp0s3 | True |         10.0.2.15          | 255.255.255.0 |   .   | 02:63:8e:2c:ef:cd |
[   25.180579] cloud-init[1117]: ci-info: | enp0s3 | True | fe80::63:8eff:fe2c:efcd/64 |       .       |  link | 02:63:8e:2c:ef:cd |
[   25.180646] cloud-init[1117]: ci-info: |   lo   | True |         127.0.0.1          |   255.0.0.0   |   .   |         .         |
[   25.180712] cloud-init[1117]: ci-info: |   lo   | True |          ::1/128           |       .       |  host |         .         |
[   25.180777] cloud-init[1117]: ci-info: +--------+------+----------------------------+---------------+-------+-------------------+
[   25.180861] cloud-init[1117]: ci-info: +++++++++++++++++++++++++++Route IPv4 info++++++++++++++++++++++++++++
[   25.180944] cloud-init[1117]: ci-info: +-------+-------------+----------+---------------+-----------+-------+
[   25.181012] cloud-init[1117]: ci-info: | Route | Destination | Gateway  |    Genmask    | Interface | Flags |
[   25.181083] cloud-init[1117]: ci-info: +-------+-------------+----------+---------------+-----------+-------+
[   25.181149] cloud-init[1117]: ci-info: |   0   |   0.0.0.0   | 10.0.2.2 |    0.0.0.0    |   enp0s3  |   UG  |
[   25.181213] cloud-init[1117]: ci-info: |   1   |   10.0.2.0  | 0.0.0.0  | 255.255.255.0 |   enp0s3  |   U   |
[   25.181278] cloud-init[1117]: ci-info: +-------+-------------+----------+---------------+-----------+-------+
] Started Initial cloud-init job (metadata service crawler).
[[0;32m  OK  [0m] Reached target Cloud-config availability.
[[0;32m  OK  [0m] Reached target System Initialization.
[[0;32m  OK  [0m] Listening on D-Bus System Message Bus Socket.
[[0;32m  OK  [0m] Started ACPI Events Check.
[[0;32m  OK  [0m] Reached target Paths.
[[0;32m  OK  [0m] Listening on ACPID Listen Socket.
[[0;32m  OK  [0m] Started Daily Cleanup of Temporary Directories.
[[0;32m  OK  [0m] Started Timer to automatically refresh installed snaps.
[[0;32m  OK  [0m] Listening on UUID daemon activation socket.
         Starting Docker Socket for the API.
         Starting LXD - unix socket.
         Starting Socket activation for snappy daemon.
[[0;32m  OK  [0m] Reached target Network is Online.
         Starting iSCSI initiator daemon (iscsid)...
[[0;32m  OK  [0m] Started Daily apt download activities.
[[0;32m  OK  [0m] Started Daily apt upgrade and clean activities.
[[0;32m  OK  [0m] Reached target Timers.
[[0;32m  OK  [0m] Listening on Docker Socket for the API.
[[0;32m  OK  [0m] Listening on LXD - unix socket.
[[0;32m  OK  [0m] Listening on Socket activation for snappy daemon.
[[0;32m  OK  [0m] Started iSCSI initiator daemon (iscsid).
         Starting Login to default iSCSI targets...
[[0;32m  OK  [0m] Reached target Sockets.
[[0;32m  OK  [0m] Reached target Basic System.
[[0;32m  OK  [0m] Started FUSE filesystem for LXC.
         Starting System Logging Service...
[[0;32m  OK  [0m] Started Unattended Upgrades Shutdown.
[[0;32m  OK  [0m] Started kubelet: The Kubernetes Node Agent.
         Starting LXD - container startup/shutdown...
         Starting Apply the settings specified in cloud-config...
[[0;32m  OK  [0m] Started Deferred execution scheduler.
[[0;32m  OK  [0m] Started ACPI event daemon.
         Starting LSB: MD monitoring daemon...
         Starting LSB: Record successful boot for GRUB...
[[0;32m  OK  [0m] Started Regular background program processing daemon.
         Starting /etc/rc.local Compatibility...
         Starting Accounts Service...
         Starting Docker Application Container Engine...
         Starting Login Service...
         Starting Snappy daemon...
[[0;32m  OK  [0m] Started D-Bus System Message Bus.
         Starting Ubuntu FAN network setup...
         Starting OpenBSD Secure Shell server...
[[0;32m  OK  [0m] Started System Logging Service.
[[0;32m  OK  [0m] Started LXD - container startup/shutdown.
[[0;32m  OK  [0m] Started /etc/rc.local Compatibility.
[[0;32m  OK  [0m] Started Ubuntu FAN network setup.
[[0;32m  OK  [0m] Started Snappy daemon.
[[0;32m  OK  [0m] Started OpenBSD Secure Shell server.
[[0;32m  OK  [0m] Started LSB: MD monitoring daemon.
[[0;32m  OK  [0m] Started Login to default iSCSI targets.
[[0;32m  OK  [0m] Started LSB: Record successful boot for GRUB.
[   26.773895] cloud-init[1191]: Cloud-init v. 17.1 running 'modules:config' at Wed, 17 Jan 2018 19:37:08 +0000. Up 26.64 seconds.
[[0;32m  OK  [0m] Started Login Service.
         Starting Authenticate and Authorize Users to Run Privileged Tasks...
[[0;32m  OK  [0m] Reached target Remote File Systems (Pre).
[[0;32m  OK  [0m] Reached target Remote File Systems.
         Starting LSB: Set the CPU Frequency Scaling governor to "ondemand"...
         Starting LSB: Set up cgroupfs mounts....
         Starting LSB: daemon to balance interrupts for SMP systems...
         Starting LSB: automatic crash report generation...
         Starting LSB: VirtualBox Linux Additions...
         Starting Permit User Sessions...
[[0;32m  OK  [0m] Started Apply the settings specified in cloud-config.
[[0;32m  OK  [0m] Started LSB: Set up cgroupfs mounts..
[[0;32m  OK  [0m] Started Permit User Sessions.
[[0;32m  OK  [0m] Started Authenticate and Authorize Users to Run Privileged Tasks.
[[0;32m  OK  [0m] Started Accounts Service.
[[0;32m  OK  [0m] Started LSB: Set the CPU Frequency Scaling governor to "ondemand".
[[0;32m  OK  [0m] Started Kubernetes systemd probe.
         Starting Terminate Plymouth Boot Screen...
         Starting Hold until boot process finishes up...
[[0;32m  OK  [0m] Started LSB: daemon to balance interrupts for SMP systems.
[[0;32m  OK  [0m] Started LSB: automatic crash report generation.
[[0;32m  OK  [0m] Started LSB: VirtualBox Linux Additions.
[[0;32m  OK  [0m] Started Terminate Plymouth Boot Screen.
[[0;32m  OK  [0m] Started Hold until boot process finishes up.
[[0;32m  OK  [0m] Started Getty on tty1.
[[0;32m  OK  [0m] Started Serial Getty on ttyS0.
[[0;32m  OK  [0m] Reached target Login Prompts.
         Starting Set console scheme...
[[0;32m  OK  [0m] Started Set console scheme.
[[0;32m  OK  [0m] Started Docker Application Container Engine.
[[0;32m  OK  [0m] Reached target Multi-User System.
[[0;32m  OK  [0m] Reached target Graphical Interface.
         Starting Update UTMP about System Runlevel Changes...
         Starting Execute cloud user/final scripts...
[[0;32m  OK  [0m] Started Update UTMP about System Runlevel Changes.
[[0;32m  OK  [0m] Created slice User Slice of ubuntu.
         Starting User Manager for UID 1000...
[[0;32m  OK  [0m] Started Session 1 of user ubuntu.
[[0;32m  OK  [0m] Started User Manager for UID 1000.
[   29.332241] cloud-init[1587]: Cloud-init v. 17.1 running 'modules:final' at Wed, 17 Jan 2018 19:37:10 +0000. Up 29.24 seconds.
[   29.344234] cloud-init[1587]: Cloud-init v. 17.1 finished at Wed, 17 Jan 2018 19:37:10 +0000. Datasource DataSourceNoCloud [seed=/dev/sdb][dsmode=net].  Up 29.32 seconds
[[0;32m  OK  [0m] Started Execute cloud user/final scripts.
[[0;32m  OK  [0m] Reached target Cloud-init target.

Ubuntu 16.04.3 LTS ubuntu-k8s ttyS0

ubuntu-k8s login: 